........................................................................ [ 74%]
.........................                                                [100%]
97 passed in 0.82s
